../Core/Src/main.c:75:6:AccelWrite	32	static
../Core/Src/main.c:84:6:AccelReadValues	32	static
../Core/Src/main.c:90:6:AccelReadAddress	32	static
../Core/Src/main.c:97:6:AccelInit	8	static
../Core/Src/main.c:108:6:HAL_UART_RxCpltCallback	16	static
../Core/Src/main.c:144:6:IncrementTimer	4	static
../Core/Src/main.c:159:5:main	8	static
../Core/Src/main.c:246:6:SystemClock_Config	88	static
../Core/Src/main.c:293:13:MX_I2C1_Init	8	static
../Core/Src/main.c:327:13:MX_USART2_UART_Init	8	static
../Core/Src/main.c:360:13:MX_GPIO_Init	24	static
../Core/Src/main.c:382:6:Error_Handler	4	static,ignoring_inline_asm
